[     181ms] [WARNING] Error with Permissions-Policy header: Unrecognized feature: 'ambient-light-sensor'. @ :0
[     181ms] [WARNING] Error with Permissions-Policy header: Unrecognized feature: 'bluetooth'. @ :0
[     181ms] [WARNING] Error with Permissions-Policy header: Unrecognized feature: 'document-domain'. @ :0
[     181ms] [WARNING] Error with Permissions-Policy header: Unrecognized feature: 'speaker-selection'. @ :0
[     181ms] [WARNING] Error with Permissions-Policy header: Unrecognized feature: 'web-share'. @ :0
[     364ms] [ERROR] Loading the script 'https://micro.rubiconproject.com/prebid/dynamic/27913.js' violates the following Content Security Policy directive: "script-src 'self' https://www.nhl.com/ https://wsr.nhle.com/ https://securepubads.g.doubleclick.net/ https://cdn.cookielaw.org/ https://players.brightcove.net/ https://imasdk.googleapis.com/ https://www.googletagmanager.com/ https://www.googletagservices.com/ https://cdn.ampproject.org/ https://*.2mdn.net/ https://googleads.g.doubleclick.net/ https://ad.doubleclick.net/ https://console.googletagservices.com/ https://video.seenthis.se/ https://tibsgmwr.micpn.com/ https://www.lightboxcdn.com/ https://api.lightboxcdn.com/ https://sdk.mvp.fan/ https://0d06d440167e4f558d3efb1dd1dca3d7.js.ubembed.com/ https://assets.ubembed.com/ https://*.mountain.com/ https://snap.licdn.com/ https://secure.quantserve.com/ https://bat.bing.com/ https://cdn.branch.io/ https://cdn.evergage.com/ https://app.link/ https://rules.quantcount.com/ https://cdn.rlets.com/ http://tag.brandcdn.com/ https://js.adsrvr.org/ https://*.simpli.fi/ https://widget.realtimefeedback.com/ https://cdn.7ejoueur.canadiens.nhl.com/ https://static.ads-twitter.com/ https://js.hs-scripts.com/ https://js.hs-banner.com/ https://js.hs-analytics.net/ https://js.hscollectedforms.net/ https://ajax.googleapis.com/ https://analytics.tiktok.com/ https://d.agkn.com/ https://davidjbradshaw.github.io/iframe-resizer/js/iframeResizer.min.js https://cdn.attn.tv/ https://sc-static.net/ https://*.hotjar.com/ https://js.zi-scripts.com/ https://cdn.flowcode.com/ https://www.googleadservices.com/ https://ajax.cloudflare.com/ https://chat.satis.fi/ https://prod-satisfilabs-resources-gcs.satis.fi/ https://cdn.evgnet.com/beacon/newyorkislanders/ https://www.formstack.com/ https://offer.fevo.com/ https://fevo-enterprise.com/ https://www.clarity.ms/ https://*.en25.com/ https://tags.tiqcdn.com/ https://resources.xg4ken.com/ https://*.googlesyndication.com/ https://*.adtrafficquality.google/ https://*.adsafeprotected.com/ https://*.doubleverify.com/ https://*.us.tvsquared.com/ https://*.celtra.com/ 'unsafe-eval' 'unsafe-inline'". Note that 'script-src-elem' was not explicitly set, so 'script-src' is used as a fallback. The action has been blocked. @ https://www.nhl.com/standings/2026-03-18/wildcard:0
[     795ms] [WARNING] plugin function error TypeError: Kp[p] is not a constructor
    at https://www.nhl.com/assets/js/main-template.js?_t=14d58167b297373c5adbd1bd77a11854:666:4755
    at Array.map (<anonymous>)
    at Iz.launchPlugin (https://www.nhl.com/assets/js/main-template.js?_t=14d58167b297373c5adbd1bd77a11854:666:4729)
    at https://www.nhl.com/assets/js/main-template.js?_t=14d58167b297373c5adbd1bd77a11854:666:4595
    at Array.map (<anonymous>)
    at https://www.nhl.com/assets/js/main-template.js?_t=14d58167b297373c5adbd1bd77a11854:666:4582
    at ZM (https://www.nhl.com/assets/js/main-template.js?_t=14d58167b297373c5adbd1bd77a11854:624:11125)
    at HTMLDocument.<anonymous> (https://www.nhl.com/assets/js/main-template.js?_t=14d58167b297373c5adbd1bd77a11854:666:4573) JSHandle@node {navigationPrimaryIdentifier: .nhl-c-header__nav, navigationDropdownAttribute: data-js-container-header-dropdown, navigationDropdownLanguageAttribute: data-js-lang-dropdown, navigationSecondaryIdentifier: .nhl-c-secondary-nav, menuItemIdentifier: .nhl-o-menu__item} analytics-body @ https://www.nhl.com/assets/js/main-template.js?_t=14d58167b297373c5adbd1bd77a11854:623
[    3198ms] [ERROR] Attestation check for Shared Storage on https://www.googleadservices.com failed. @ https://www.googleadservices.com/pagead/managed/js/activeview/current/reach_worklet.html:0
[    3760ms] [ERROR] Attestation check for Attribution Reporting on https://ad.doubleclick.net failed. @ https://www.nhl.com/standings/2026-03-18/wildcard:0
[    3983ms] [ERROR] Attestation check for Shared Storage on https://www.googleadservices.com failed. @ https://www.googleadservices.com/pagead/managed/js/activeview/current/reach_worklet.html:0
[    3988ms] [ERROR] Attestation check for Attribution Reporting on https://ad.doubleclick.net failed. @ https://www.nhl.com/standings/2026-03-18/wildcard:0
[    4003ms] [ERROR] Attestation check for Shared Storage on https://www.googleadservices.com failed. @ https://www.googleadservices.com/pagead/managed/js/activeview/current/reach_worklet.html:0
[    4083ms] [ERROR] Attestation check for Attribution Reporting on https://ad.doubleclick.net failed. @ https://www.nhl.com/standings/2026-03-18/wildcard:0
[    4262ms] TypeError: Cannot read properties of undefined (reading 'style')
    at startAd (https://s0.2mdn.net/sadbundle/7237414280060286212/728_template.js:42:13)
    at enablerInitialized (https://s0.2mdn.net/sadbundle/7237414280060286212/728_template.js:18:6)
    at https://s0.2mdn.net/sadbundle/7237414280060286212/728_template.js:6:4
[    4385ms] [ERROR] Attestation check for Attribution Reporting on https://ad.doubleclick.net failed. @ https://www.nhl.com/standings/2026-03-18/wildcard:0
